------------------------------------------------------------
Timing Analyzer Summary
------------------------------------------------------------

Type  : Slow 1200mV 85C Model Setup 'KEY0'
Slack : 4.380
TNS   : 0.000

Type  : Slow 1200mV 85C Model Hold 'KEY0'
Slack : 0.622
TNS   : 0.000

Type  : Slow 1200mV 85C Model Recovery 'KEY0'
Slack : 7.155
TNS   : 0.000

Type  : Slow 1200mV 85C Model Removal 'KEY0'
Slack : 2.627
TNS   : 0.000

Type  : Slow 1200mV 85C Model Minimum Pulse Width 'KEY0'
Slack : 9.656
TNS   : 0.000

Type  : Slow 1200mV 0C Model Setup 'KEY0'
Slack : 4.953
TNS   : 0.000

Type  : Slow 1200mV 0C Model Hold 'KEY0'
Slack : 0.572
TNS   : 0.000

Type  : Slow 1200mV 0C Model Recovery 'KEY0'
Slack : 7.462
TNS   : 0.000

Type  : Slow 1200mV 0C Model Removal 'KEY0'
Slack : 2.224
TNS   : 0.000

Type  : Slow 1200mV 0C Model Minimum Pulse Width 'KEY0'
Slack : 9.778
TNS   : 0.000

Type  : Fast 1200mV 0C Model Setup 'KEY0'
Slack : 7.521
TNS   : 0.000

Type  : Fast 1200mV 0C Model Hold 'KEY0'
Slack : 0.275
TNS   : 0.000

Type  : Fast 1200mV 0C Model Recovery 'KEY0'
Slack : 8.921
TNS   : 0.000

Type  : Fast 1200mV 0C Model Removal 'KEY0'
Slack : 1.444
TNS   : 0.000

Type  : Fast 1200mV 0C Model Minimum Pulse Width 'KEY0'
Slack : 9.269
TNS   : 0.000

------------------------------------------------------------
